
E:\henu-website\henu-app\src\app\about\page.tsx
  247:32  error  `'` can be escaped with `&apos;`, `&lsquo;`, `&#39;`, `&rsquo;`  react/no-unescaped-entities
  560:67  error  `'` can be escaped with `&apos;`, `&lsquo;`, `&#39;`, `&rsquo;`  react/no-unescaped-entities
  794:75  error  `'` can be escaped with `&apos;`, `&lsquo;`, `&#39;`, `&rsquo;`  react/no-unescaped-entities

E:\henu-website\henu-app\src\app\admin\login\page.tsx
  55:23  error  Unexpected any. Specify a different type  @typescript-eslint/no-explicit-any

E:\henu-website\henu-app\src\app\admin\manage-software\page.tsx
  122:25  error  Unexpected any. Specify a different type  @typescript-eslint/no-explicit-any
  153:25  error  Unexpected any. Specify a different type  @typescript-eslint/no-explicit-any

E:\henu-website\henu-app\src\app\admin\orders\page.tsx
   35:16   error  Unexpected any. Specify a different type                         @typescript-eslint/no-explicit-any
  206:57   error  `"` can be escaped with `&quot;`, `&ldquo;`, `&#34;`, `&rdquo;`  react/no-unescaped-entities
  206:73   error  `"` can be escaped with `&quot;`, `&ldquo;`, `&#34;`, `&rdquo;`  react/no-unescaped-entities
  250:97   error  `"` can be escaped with `&quot;`, `&ldquo;`, `&#34;`, `&rdquo;`  react/no-unescaped-entities
  250:110  error  `"` can be escaped with `&quot;`, `&ldquo;`, `&#34;`, `&rdquo;`  react/no-unescaped-entities

E:\henu-website\henu-app\src\app\api\admin\software\route.ts
   58:55  error  Unexpected any. Specify a different type  @typescript-eslint/no-explicit-any
  128:17  error  Unexpected any. Specify a different type  @typescript-eslint/no-explicit-any
  198:17  error  Unexpected any. Specify a different type  @typescript-eslint/no-explicit-any

E:\henu-website\henu-app\src\app\careers\[category]\page.tsx
  269:36  error  `'` can be escaped with `&apos;`, `&lsquo;`, `&#39;`, `&rsquo;`  react/no-unescaped-entities
  378:49  error  `'` can be escaped with `&apos;`, `&lsquo;`, `&#39;`, `&rsquo;`  react/no-unescaped-entities

E:\henu-website\henu-app\src\app\contact\page.tsx
  252:70  error  `'` can be escaped with `&apos;`, `&lsquo;`, `&#39;`, `&rsquo;`  react/no-unescaped-entities
  343:36  error  `'` can be escaped with `&apos;`, `&lsquo;`, `&#39;`, `&rsquo;`  react/no-unescaped-entities
  394:51  error  `'` can be escaped with `&apos;`, `&lsquo;`, `&#39;`, `&rsquo;`  react/no-unescaped-entities
  431:72  error  `'` can be escaped with `&apos;`, `&lsquo;`, `&#39;`, `&rsquo;`  react/no-unescaped-entities

E:\henu-website\henu-app\src\app\dashboard\page.tsx
   103:16  error  Unexpected any. Specify a different type                         @typescript-eslint/no-explicit-any
   104:19  error  Unexpected any. Specify a different type                         @typescript-eslint/no-explicit-any
   120:16  error  Unexpected any. Specify a different type                         @typescript-eslint/no-explicit-any
   135:16  error  Unexpected any. Specify a different type                         @typescript-eslint/no-explicit-any
   136:16  error  Unexpected any. Specify a different type                         @typescript-eslint/no-explicit-any
   199:40  error  Unexpected any. Specify a different type                         @typescript-eslint/no-explicit-any
   231:48  error  Unexpected any. Specify a different type                         @typescript-eslint/no-explicit-any
   232:40  error  Unexpected any. Specify a different type                         @typescript-eslint/no-explicit-any
   257:31  error  Unexpected any. Specify a different type                         @typescript-eslint/no-explicit-any
   258:72  error  Unexpected any. Specify a different type                         @typescript-eslint/no-explicit-any
   589:25  error  Unexpected any. Specify a different type                         @typescript-eslint/no-explicit-any
   804:88  error  `'` can be escaped with `&apos;`, `&lsquo;`, `&#39;`, `&rsquo;`  react/no-unescaped-entities
   992:88  error  `'` can be escaped with `&apos;`, `&lsquo;`, `&#39;`, `&rsquo;`  react/no-unescaped-entities
  1406:73  error  Unexpected any. Specify a different type                         @typescript-eslint/no-explicit-any
  1416:58  error  Unexpected any. Specify a different type                         @typescript-eslint/no-explicit-any
  1418:69  error  Unexpected any. Specify a different type                         @typescript-eslint/no-explicit-any

E:\henu-website\henu-app\src\app\portfolio\page.tsx
  216:9  error  Error: This value cannot be modified

Modifying a variable defined outside a component or hook is not allowed. Consider using an effect.

E:\henu-website\henu-app\src\app\portfolio\page.tsx:216:9
  214 |         setSelectedProduct(product);
  215 |         setPaymentForm(prev => ({ ...prev, productName: product.title }));
> 216 |         document.body.style.overflow = 'hidden';
      |         ^^^^^^^^^^^^^^^^^^^ value cannot be modified
  217 |     };
  218 |
  219 |     const closeModal = () => {  react-hooks/immutability

E:\henu-website\henu-app\src\app\site-map\page.tsx
  119:39  error  `'` can be escaped with `&apos;`, `&lsquo;`, `&#39;`, `&rsquo;`  react/no-unescaped-entities
  119:55  error  `'` can be escaped with `&apos;`, `&lsquo;`, `&#39;`, `&rsquo;`  react/no-unescaped-entities

E:\henu-website\henu-app\src\components\QueriesModal.tsx
  154:51  error  `'` can be escaped with `&apos;`, `&lsquo;`, `&#39;`, `&rsquo;`  react/no-unescaped-entities
  175:39  error  `'` can be escaped with `&apos;`, `&lsquo;`, `&#39;`, `&rsquo;`  react/no-unescaped-entities

E:\henu-website\henu-app\src\components\auth\AuthModal.tsx
   47:66  error  Unexpected any. Specify a different type  @typescript-eslint/no-explicit-any
   85:23  error  Unexpected any. Specify a different type  @typescript-eslint/no-explicit-any
  103:23  error  Unexpected any. Specify a different type  @typescript-eslint/no-explicit-any
  120:23  error  Unexpected any. Specify a different type  @typescript-eslint/no-explicit-any
  131:23  error  Unexpected any. Specify a different type  @typescript-eslint/no-explicit-any

E:\henu-website\henu-app\src\components\auth\AuthPopup.tsx
  16:13  error  Error: Calling setState synchronously within an effect can trigger cascading renders

Effects are intended to synchronize state between React and external systems such as manually updating the DOM, state management libraries, or other platform APIs. In general, the body of an effect should do one or both of the following:
* Update external systems with the latest state from React.
* Subscribe for updates from some external system, calling setState in a callback function when external state changes.

Calling setState synchronously within an effect body causes cascading renders that can hurt performance, and is not recommended. (https://react.dev/learn/you-might-not-need-an-effect).

E:\henu-website\henu-app\src\components\auth\AuthPopup.tsx:16:13
  14 |         // Don't show popup if user is authenticated or has interacted
  15 |         if (isAuthenticated || hasInteracted) {
> 16 |             setShowPopup(false);
     |             ^^^^^^^^^^^^ Avoid calling setState() directly within an effect
  17 |             return;
  18 |         }
  19 |  react-hooks/set-state-in-effect

E:\henu-website\henu-app\src\components\dashboard\BlurredPricing.tsx
  158:102  error  `'` can be escaped with `&apos;`, `&lsquo;`, `&#39;`, `&rsquo;`  react/no-unescaped-entities

E:\henu-website\henu-app\src\components\layout\Navbar.tsx
  43:9  error  Error: Calling setState synchronously within an effect can trigger cascading renders

Effects are intended to synchronize state between React and external systems such as manually updating the DOM, state management libraries, or other platform APIs. In general, the body of an effect should do one or both of the following:
* Update external systems with the latest state from React.
* Subscribe for updates from some external system, calling setState in a callback function when external state changes.

Calling setState synchronously within an effect body causes cascading renders that can hurt performance, and is not recommended. (https://react.dev/learn/you-might-not-need-an-effect).

E:\henu-website\henu-app\src\components\layout\Navbar.tsx:43:9
  41 |
  42 |     useEffect(() => {
> 43 |         setActive(null);
     |         ^^^^^^^^^ Avoid calling setState() directly within an effect
  44 |         setIsMobileMenuOpen(false);
  45 |     }, [pathname]);
  46 |  react-hooks/set-state-in-effect

E:\henu-website\henu-app\src\components\ui\3d-folder.tsx
  128:13  error  Error: Calling setState synchronously within an effect can trigger cascading renders

Effects are intended to synchronize state between React and external systems such as manually updating the DOM, state management libraries, or other platform APIs. In general, the body of an effect should do one or both of the following:
* Update external systems with the latest state from React.
* Subscribe for updates from some external system, calling setState in a callback function when external state changes.

Calling setState synchronously within an effect body causes cascading renders that can hurt performance, and is not recommended. (https://react.dev/learn/you-might-not-need-an-effect).

E:\henu-website\henu-app\src\components\ui\3d-folder.tsx:128:13
  126 |     useEffect(() => {
  127 |         if (isOpen && currentIndex !== internalIndex && !isSliding) {
> 128 |             setIsSliding(true);
      |             ^^^^^^^^^^^^ Avoid calling setState() directly within an effect
  129 |             const timer = setTimeout(() => {
  130 |                 setInternalIndex(currentIndex);
  131 |                 setIsSliding(false);  react-hooks/set-state-in-effect
  139:13  error  Error: Calling setState synchronously within an effect can trigger cascading renders

Effects are intended to synchronize state between React and external systems such as manually updating the DOM, state management libraries, or other platform APIs. In general, the body of an effect should do one or both of the following:
* Update external systems with the latest state from React.
* Subscribe for updates from some external system, calling setState in a callback function when external state changes.

Calling setState synchronously within an effect body causes cascading renders that can hurt performance, and is not recommended. (https://react.dev/learn/you-might-not-need-an-effect).

E:\henu-website\henu-app\src\components\ui\3d-folder.tsx:139:13
  137 |     useEffect(() => {
  138 |         if (isOpen) {
> 139 |             setInternalIndex(currentIndex);
      |             ^^^^^^^^^^^^^^^^ Avoid calling setState() directly within an effect
  140 |             setIsSliding(false);
  141 |         }
  142 |     }, [isOpen, currentIndex]);                                                                                         react-hooks/set-state-in-effect
  182:13  error  Error: Calling setState synchronously within an effect can trigger cascading renders

Effects are intended to synchronize state between React and external systems such as manually updating the DOM, state management libraries, or other platform APIs. In general, the body of an effect should do one or both of the following:
* Update external systems with the latest state from React.
* Subscribe for updates from some external system, calling setState in a callback function when external state changes.

Calling setState synchronously within an effect body causes cascading renders that can hurt performance, and is not recommended. (https://react.dev/learn/you-might-not-need-an-effect).

E:\henu-website\henu-app\src\components\ui\3d-folder.tsx:182:13
  180 |     useLayoutEffect(() => {
  181 |         if (isOpen && sourceRect) {
> 182 |             setShouldRender(true);
      |             ^^^^^^^^^^^^^^^ Avoid calling setState() directly within an effect
  183 |             setAnimationPhase("initial");
  184 |             setIsClosing(false);
  185 |             requestAnimationFrame(() => {                                     react-hooks/set-state-in-effect

E:\henu-website\henu-app\src\components\ui\GlobalSearch.tsx
   21:13  error  Error: Calling setState synchronously within an effect can trigger cascading renders

Effects are intended to synchronize state between React and external systems such as manually updating the DOM, state management libraries, or other platform APIs. In general, the body of an effect should do one or both of the following:
* Update external systems with the latest state from React.
* Subscribe for updates from some external system, calling setState in a callback function when external state changes.

Calling setState synchronously within an effect body causes cascading renders that can hurt performance, and is not recommended. (https://react.dev/learn/you-might-not-need-an-effect).

E:\henu-website\henu-app\src\components\ui\GlobalSearch.tsx:21:13
  19 |     useEffect(() => {
  20 |         if (!query.trim()) {
> 21 |             setResults(null);
     |             ^^^^^^^^^^ Avoid calling setState() directly within an effect
  22 |             return;
  23 |         }
  24 |                                                                                                                                                                                                                                                                                                                                                                                                                                                                                                                                                                                                                                                                                                         react-hooks/set-state-in-effect
  265:42  error  Error: Cannot create components during render

Components created during render will reset their state each time they are created. Declare components outside of render.

E:\henu-website\henu-app\src\components\ui\GlobalSearch.tsx:265:42
  263 |                                 >
  264 |                                     <div className="py-2">
> 265 |                                         <ResultGroup title="Products & Features" items={results.sections} />
      |                                          ^^^^^^^^^^^ This component is created during render
  266 |                                         <ResultGroup title="Pages" items={results.pages} />
  267 |                                         <ResultGroup title="Services" items={results.services} />
  268 |                                         <ResultGroup title="Software" items={results.software} />

E:\henu-website\henu-app\src\components\ui\GlobalSearch.tsx:161:25
  159 |
  160 |     // Result group component
> 161 |     const ResultGroup = ({ title, items }: { title: string; items: SearchItem[] }) => {
      |                         ^^^^^^^^^^^^^^^^^^^^^^^^^^^^^^^^^^^^^^^^^^^^^^^^^^^^^^^^^^^^^^^
> 162 |         if (items.length === 0) return null;
      | ^^^^^^^^^^^^^^^^^^^^^^^^^^^^^^^^^^^^^^^^^^^^
> 163 |
      ΓÇª
      | ^^^^^^^^^^^^^^^^^^^^^^^^^^^^^^^^^^^^^^^^^^^^
> 196 |         );
      | ^^^^^^^^^^^^^^^^^^^^^^^^^^^^^^^^^^^^^^^^^^^^
> 197 |     };
      | ^^^^^^ The component is created during render here
  198 |
  199 |     const hasResults = results && (
  200 |         results.sections.length > 0 ||                                                                      react-hooks/static-components
  266:42  error  Error: Cannot create components during render

Components created during render will reset their state each time they are created. Declare components outside of render.

E:\henu-website\henu-app\src\components\ui\GlobalSearch.tsx:266:42
  264 |                                     <div className="py-2">
  265 |                                         <ResultGroup title="Products & Features" items={results.sections} />
> 266 |                                         <ResultGroup title="Pages" items={results.pages} />
      |                                          ^^^^^^^^^^^ This component is created during render
  267 |                                         <ResultGroup title="Services" items={results.services} />
  268 |                                         <ResultGroup title="Software" items={results.software} />
  269 |                                         <ResultGroup title="Categories" items={results.categories} />

E:\henu-website\henu-app\src\components\ui\GlobalSearch.tsx:161:25
  159 |
  160 |     // Result group component
> 161 |     const ResultGroup = ({ title, items }: { title: string; items: SearchItem[] }) => {
      |                         ^^^^^^^^^^^^^^^^^^^^^^^^^^^^^^^^^^^^^^^^^^^^^^^^^^^^^^^^^^^^^^^
> 162 |         if (items.length === 0) return null;
      | ^^^^^^^^^^^^^^^^^^^^^^^^^^^^^^^^^^^^^^^^^^^^
> 163 |
      ΓÇª
      | ^^^^^^^^^^^^^^^^^^^^^^^^^^^^^^^^^^^^^^^^^^^^
> 196 |         );
      | ^^^^^^^^^^^^^^^^^^^^^^^^^^^^^^^^^^^^^^^^^^^^
> 197 |     };
      | ^^^^^^ The component is created during render here
  198 |
  199 |     const hasResults = results && (
  200 |         results.sections.length > 0 ||  react-hooks/static-components
  267:42  error  Error: Cannot create components during render

Components created during render will reset their state each time they are created. Declare components outside of render.

E:\henu-website\henu-app\src\components\ui\GlobalSearch.tsx:267:42
  265 |                                         <ResultGroup title="Products & Features" items={results.sections} />
  266 |                                         <ResultGroup title="Pages" items={results.pages} />
> 267 |                                         <ResultGroup title="Services" items={results.services} />
      |                                          ^^^^^^^^^^^ This component is created during render
  268 |                                         <ResultGroup title="Software" items={results.software} />
  269 |                                         <ResultGroup title="Categories" items={results.categories} />
  270 |                                     </div>

E:\henu-website\henu-app\src\components\ui\GlobalSearch.tsx:161:25
  159 |
  160 |     // Result group component
> 161 |     const ResultGroup = ({ title, items }: { title: string; items: SearchItem[] }) => {
      |                         ^^^^^^^^^^^^^^^^^^^^^^^^^^^^^^^^^^^^^^^^^^^^^^^^^^^^^^^^^^^^^^^
> 162 |         if (items.length === 0) return null;
      | ^^^^^^^^^^^^^^^^^^^^^^^^^^^^^^^^^^^^^^^^^^^^
> 163 |
      ΓÇª
      | ^^^^^^^^^^^^^^^^^^^^^^^^^^^^^^^^^^^^^^^^^^^^
> 196 |         );
      | ^^^^^^^^^^^^^^^^^^^^^^^^^^^^^^^^^^^^^^^^^^^^
> 197 |     };
      | ^^^^^^ The component is created during render here
  198 |
  199 |     const hasResults = results && (
  200 |         results.sections.length > 0 ||                  react-hooks/static-components
  268:42  error  Error: Cannot create components during render

Components created during render will reset their state each time they are created. Declare components outside of render.

E:\henu-website\henu-app\src\components\ui\GlobalSearch.tsx:268:42
  266 |                                         <ResultGroup title="Pages" items={results.pages} />
  267 |                                         <ResultGroup title="Services" items={results.services} />
> 268 |                                         <ResultGroup title="Software" items={results.software} />
      |                                          ^^^^^^^^^^^ This component is created during render
  269 |                                         <ResultGroup title="Categories" items={results.categories} />
  270 |                                     </div>
  271 |                                 </motion.div>

E:\henu-website\henu-app\src\components\ui\GlobalSearch.tsx:161:25
  159 |
  160 |     // Result group component
> 161 |     const ResultGroup = ({ title, items }: { title: string; items: SearchItem[] }) => {
      |                         ^^^^^^^^^^^^^^^^^^^^^^^^^^^^^^^^^^^^^^^^^^^^^^^^^^^^^^^^^^^^^^^
> 162 |         if (items.length === 0) return null;
      | ^^^^^^^^^^^^^^^^^^^^^^^^^^^^^^^^^^^^^^^^^^^^
> 163 |
      ΓÇª
      | ^^^^^^^^^^^^^^^^^^^^^^^^^^^^^^^^^^^^^^^^^^^^
> 196 |         );
      | ^^^^^^^^^^^^^^^^^^^^^^^^^^^^^^^^^^^^^^^^^^^^
> 197 |     };
      | ^^^^^^ The component is created during render here
  198 |
  199 |     const hasResults = results && (
  200 |         results.sections.length > 0 ||                                                                                 react-hooks/static-components
  269:42  error  Error: Cannot create components during render

Components created during render will reset their state each time they are created. Declare components outside of render.

E:\henu-website\henu-app\src\components\ui\GlobalSearch.tsx:269:42
  267 |                                         <ResultGroup title="Services" items={results.services} />
  268 |                                         <ResultGroup title="Software" items={results.software} />
> 269 |                                         <ResultGroup title="Categories" items={results.categories} />
      |                                          ^^^^^^^^^^^ This component is created during render
  270 |                                     </div>
  271 |                                 </motion.div>
  272 |                             )}

E:\henu-website\henu-app\src\components\ui\GlobalSearch.tsx:161:25
  159 |
  160 |     // Result group component
> 161 |     const ResultGroup = ({ title, items }: { title: string; items: SearchItem[] }) => {
      |                         ^^^^^^^^^^^^^^^^^^^^^^^^^^^^^^^^^^^^^^^^^^^^^^^^^^^^^^^^^^^^^^^
> 162 |         if (items.length === 0) return null;
      | ^^^^^^^^^^^^^^^^^^^^^^^^^^^^^^^^^^^^^^^^^^^^
> 163 |
      ΓÇª
      | ^^^^^^^^^^^^^^^^^^^^^^^^^^^^^^^^^^^^^^^^^^^^
> 196 |         );
      | ^^^^^^^^^^^^^^^^^^^^^^^^^^^^^^^^^^^^^^^^^^^^
> 197 |     };
      | ^^^^^^ The component is created during render here
  198 |
  199 |     const hasResults = results && (
  200 |         results.sections.length > 0 ||                                                                                                                                              react-hooks/static-components
  281:62  error  `"` can be escaped with `&quot;`, `&ldquo;`, `&#34;`, `&rdquo;`                                                                                                                                                                                                                                                                                                                                                                                                                                                                                                                                                                                                                                                                                                                                                                                                                                                                                                                                                                                                                                                                                                                                                                                                                                                                                                                                                                                                                                                                                                                                                                                                                                                                        react/no-unescaped-entities
  281:70  error  `"` can be escaped with `&quot;`, `&ldquo;`, `&#34;`, `&rdquo;`                                                                                                                                                                                                                                                                                                                                                                                                                                                                                                                                                                                                                                                                                                                                                                                                                                                                                                                                                                                                                                                                                                                                                                                                                                                                                                                                                                                                                                                                                                                                                                                                                                                                        react/no-unescaped-entities

E:\henu-website\henu-app\src\components\ui\animated-gallery.tsx
  187:57  error  Unexpected any. Specify a different type  @typescript-eslint/no-explicit-any

E:\henu-website\henu-app\src\components\ui\atc-shader.tsx
  80:19  error  Unexpected any. Specify a different type  @typescript-eslint/no-explicit-any
  80:46  error  Unexpected any. Specify a different type  @typescript-eslint/no-explicit-any

E:\henu-website\henu-app\src\components\ui\background-gradient-animation.tsx
  93:9  error  Error: Calling setState synchronously within an effect can trigger cascading renders

Effects are intended to synchronize state between React and external systems such as manually updating the DOM, state management libraries, or other platform APIs. In general, the body of an effect should do one or both of the following:
* Update external systems with the latest state from React.
* Subscribe for updates from some external system, calling setState in a callback function when external state changes.

Calling setState synchronously within an effect body causes cascading renders that can hurt performance, and is not recommended. (https://react.dev/learn/you-might-not-need-an-effect).

E:\henu-website\henu-app\src\components\ui\background-gradient-animation.tsx:93:9
  91 |     const [isSafari, setIsSafari] = useState(false);
  92 |     useEffect(() => {
> 93 |         setIsSafari(/^((?!chrome|android).)*safari/i.test(navigator.userAgent));
     |         ^^^^^^^^^^^ Avoid calling setState() directly within an effect
  94 |     }, []);
  95 |
  96 |     return (  react-hooks/set-state-in-effect

E:\henu-website\henu-app\src\components\ui\case-studies.tsx
   18:9    error  Error: Calling setState synchronously within an effect can trigger cascading renders

Effects are intended to synchronize state between React and external systems such as manually updating the DOM, state management libraries, or other platform APIs. In general, the body of an effect should do one or both of the following:
* Update external systems with the latest state from React.
* Subscribe for updates from some external system, calling setState in a callback function when external state changes.

Calling setState synchronously within an effect body causes cascading renders that can hurt performance, and is not recommended. (https://react.dev/learn/you-might-not-need-an-effect).

E:\henu-website\henu-app\src\components\ui\case-studies.tsx:18:9
  16 |         const mq = window.matchMedia("(prefers-reduced-motion: reduce)");
  17 |         const onChange = (e: MediaQueryListEvent) => setReduced(e.matches);
> 18 |         setReduced(mq.matches);
     |         ^^^^^^^^^^ Avoid calling setState() directly within an effect
  19 |         mq.addEventListener?.("change", onChange);
  20 |         return () => mq.removeEventListener?.("change", onChange);
  21 |     }, []);  react-hooks/set-state-in-effect
  182:119  error  `"` can be escaped with `&quot;`, `&ldquo;`, `&#34;`, `&rdquo;`                                                                                                                                                                                                                                                                                                                                                                                                                                                                                                                                                                                                                                                                                                                                                                                                                                                                                                                                                                                                                                                                                                                                                                     react/no-unescaped-entities
  184:130  error  `"` can be escaped with `&quot;`, `&ldquo;`, `&#34;`, `&rdquo;`                                                                                                                                                                                                                                                                                                                                                                                                                                                                                                                                                                                                                                                                                                                                                                                                                                                                                                                                                                                                                                                                                                                                                                     react/no-unescaped-entities

E:\henu-website\henu-app\src\components\ui\feature-with-advantages.tsx
  34:71  error  `'` can be escaped with `&apos;`, `&lsquo;`, `&#39;`, `&rsquo;`  react/no-unescaped-entities

E:\henu-website\henu-app\src\components\ui\features-built-to-do.tsx
  16:32  error  `'` can be escaped with `&apos;`, `&lsquo;`, `&#39;`, `&rsquo;`  react/no-unescaped-entities

E:\henu-website\henu-app\src\components\ui\hero-background.tsx
  106:9  error  Error: Calling setState synchronously within an effect can trigger cascading renders

Effects are intended to synchronize state between React and external systems such as manually updating the DOM, state management libraries, or other platform APIs. In general, the body of an effect should do one or both of the following:
* Update external systems with the latest state from React.
* Subscribe for updates from some external system, calling setState in a callback function when external state changes.

Calling setState synchronously within an effect body causes cascading renders that can hurt performance, and is not recommended. (https://react.dev/learn/you-might-not-need-an-effect).

E:\henu-website\henu-app\src\components\ui\hero-background.tsx:106:9
  104 |
  105 |     useEffect(() => {
> 106 |         setMounted(true);
      |         ^^^^^^^^^^ Avoid calling setState() directly within an effect
  107 |         const generatedStars = Array.from({ length: starCount }, (_, i) => ({
  108 |             id: i,
  109 |             x: Math.random() * 100,  react-hooks/set-state-in-effect

E:\henu-website\henu-app\src\components\ui\interactive-icon-cloud.tsx
  55:26  error  Unexpected any. Specify a different type                                                                             @typescript-eslint/no-explicit-any
  83:9   error  Use "@ts-expect-error" instead of "@ts-ignore", as "@ts-ignore" will do nothing if the following line is error-free  @typescript-eslint/ban-ts-comment

E:\henu-website\henu-app\src\components\ui\navbar-menu.tsx
  155:52  error  Unexpected any. Specify a different type  @typescript-eslint/no-explicit-any

E:\henu-website\henu-app\src\components\ui\neno-shader.tsx
  12:19  error  Unexpected any. Specify a different type  @typescript-eslint/no-explicit-any

E:\henu-website\henu-app\src\components\ui\neon-flow.tsx
  25:29  error  Unexpected any. Specify a different type                                                                             @typescript-eslint/no-explicit-any
  37:17  error  Use "@ts-expect-error" instead of "@ts-ignore", as "@ts-ignore" will do nothing if the following line is error-free  @typescript-eslint/ban-ts-comment
  38:17  error  Do not assign to the variable `module`. See: https://nextjs.org/docs/messages/no-assign-module-variable              @next/next/no-assign-module-variable

E:\henu-website\henu-app\src\components\ui\particles.tsx
  191:9  error  Error: Calling setState synchronously within an effect can trigger cascading renders

Effects are intended to synchronize state between React and external systems such as manually updating the DOM, state management libraries, or other platform APIs. In general, the body of an effect should do one or both of the following:
* Update external systems with the latest state from React.
* Subscribe for updates from some external system, calling setState in a callback function when external state changes.

Calling setState synchronously within an effect body causes cascading renders that can hurt performance, and is not recommended. (https://react.dev/learn/you-might-not-need-an-effect).

E:\henu-website\henu-app\src\components\ui\particles.tsx:191:9
  189 |
  190 |     useEffect(() => {
> 191 |         setOrbs(Array.from({ length: orbCount }, (_, i) => ({
      |         ^^^^^^^ Avoid calling setState() directly within an effect
  192 |             id: i,
  193 |             size: Math.random() * 300 + 200,
  194 |             x: Math.random() * 100,  react-hooks/set-state-in-effect

E:\henu-website\henu-app\src\components\ui\premium-text-reveal.tsx
  35:45  error  Unexpected any. Specify a different type  @typescript-eslint/no-explicit-any

E:\henu-website\henu-app\src\components\ui\scroll-morph-hero.tsx
  234:17  error  Error: Cannot call impure function during render

`Math.random` is an impure function. Calling an impure function can produce unstable results that update unpredictably when the component happens to re-render. (https://react.dev/reference/rules/components-and-hooks-must-be-pure#components-and-hooks-must-be-idempotent).

E:\henu-website\henu-app\src\components\ui\scroll-morph-hero.tsx:234:17
  232 |     const scatterPositions = useMemo(() => {
  233 |         return IMAGES.map(() => ({
> 234 |             x: (Math.random() - 0.5) * 1500,
      |                 ^^^^^^^^^^^^^ Cannot call impure function
  235 |             y: (Math.random() - 0.5) * 1000,
  236 |             rotation: (Math.random() - 0.5) * 180,
  237 |             scale: 0.6,  react-hooks/purity
  235:17  error  Error: Cannot call impure function during render

`Math.random` is an impure function. Calling an impure function can produce unstable results that update unpredictably when the component happens to re-render. (https://react.dev/reference/rules/components-and-hooks-must-be-pure#components-and-hooks-must-be-idempotent).

E:\henu-website\henu-app\src\components\ui\scroll-morph-hero.tsx:235:17
  233 |         return IMAGES.map(() => ({
  234 |             x: (Math.random() - 0.5) * 1500,
> 235 |             y: (Math.random() - 0.5) * 1000,
      |                 ^^^^^^^^^^^^^ Cannot call impure function
  236 |             rotation: (Math.random() - 0.5) * 180,
  237 |             scale: 0.6,
  238 |             opacity: 0,                       react-hooks/purity
  236:24  error  Error: Cannot call impure function during render

`Math.random` is an impure function. Calling an impure function can produce unstable results that update unpredictably when the component happens to re-render. (https://react.dev/reference/rules/components-and-hooks-must-be-pure#components-and-hooks-must-be-idempotent).

E:\henu-website\henu-app\src\components\ui\scroll-morph-hero.tsx:236:24
  234 |             x: (Math.random() - 0.5) * 1500,
  235 |             y: (Math.random() - 0.5) * 1000,
> 236 |             rotation: (Math.random() - 0.5) * 180,
      |                        ^^^^^^^^^^^^^ Cannot call impure function
  237 |             scale: 0.6,
  238 |             opacity: 0,
  239 |         }));                                      react-hooks/purity

E:\henu-website\henu-app\src\components\ui\scroll-text.tsx
  101:38  error  React Hook "useTransform" cannot be called inside a callback. React Hooks must be called in a React function component or a custom React Hook function  react-hooks/rules-of-hooks
  107:33  error  React Hook "useTransform" cannot be called inside a callback. React Hooks must be called in a React function component or a custom React Hook function  react-hooks/rules-of-hooks
  113:27  error  React Hook "useTransform" cannot be called inside a callback. React Hooks must be called in a React function component or a custom React Hook function  react-hooks/rules-of-hooks
  155:33  error  React Hook "useTransform" cannot be called inside a callback. React Hooks must be called in a React function component or a custom React Hook function  react-hooks/rules-of-hooks
  161:27  error  React Hook "useTransform" cannot be called inside a callback. React Hooks must be called in a React function component or a custom React Hook function  react-hooks/rules-of-hooks

E:\henu-website\henu-app\src\components\ui\shader-background.tsx
  140:25  error  Unexpected any. Specify a different type  @typescript-eslint/no-explicit-any
  141:25  error  Unexpected any. Specify a different type  @typescript-eslint/no-explicit-any
  142:25  error  Unexpected any. Specify a different type  @typescript-eslint/no-explicit-any
  143:25  error  Unexpected any. Specify a different type  @typescript-eslint/no-explicit-any
  144:25  error  Unexpected any. Specify a different type  @typescript-eslint/no-explicit-any
  145:25  error  Unexpected any. Specify a different type  @typescript-eslint/no-explicit-any
  159:38  error  Unexpected any. Specify a different type  @typescript-eslint/no-explicit-any
  160:38  error  Unexpected any. Specify a different type  @typescript-eslint/no-explicit-any
  161:38  error  Unexpected any. Specify a different type  @typescript-eslint/no-explicit-any
  162:38  error  Unexpected any. Specify a different type  @typescript-eslint/no-explicit-any
  163:38  error  Unexpected any. Specify a different type  @typescript-eslint/no-explicit-any
  164:39  error  Unexpected any. Specify a different type  @typescript-eslint/no-explicit-any

E:\henu-website\henu-app\src\components\ui\sticky-scroll-reveal.tsx
   15:37  error  Unexpected any. Specify a different type  @typescript-eslint/no-explicit-any
  104:15  error  Unexpected any. Specify a different type  @typescript-eslint/no-explicit-any
  105:20  error  Unexpected any. Specify a different type  @typescript-eslint/no-explicit-any

E:\henu-website\henu-app\src\components\ui\text-scroll-animation.tsx
  12:22  error  Unexpected any. Specify a different type  @typescript-eslint/no-explicit-any

E:\henu-website\henu-app\src\components\ui\three-d-hero.tsx
  71:18  error  Error: Cannot call impure function during render

`Math.random` is an impure function. Calling an impure function can produce unstable results that update unpredictably when the component happens to re-render. (https://react.dev/reference/rules/components-and-hooks-must-be-pure#components-and-hooks-must-be-idempotent).

E:\henu-website\henu-app\src\components\ui\three-d-hero.tsx:71:18
  69 |         return Array.from({ length: count }, (_, i) => ({
  70 |             position: [
> 71 |                 (Math.random() - 0.5) * 20,
     |                  ^^^^^^^^^^^^^ Cannot call impure function
  72 |                 (Math.random() - 0.5) * 20,
  73 |                 (Math.random() - 0.5) * 15,
  74 |             ] as [number, number, number],                                                                                                                                                                                                            react-hooks/purity
  72:18  error  Error: Cannot call impure function during render

`Math.random` is an impure function. Calling an impure function can produce unstable results that update unpredictably when the component happens to re-render. (https://react.dev/reference/rules/components-and-hooks-must-be-pure#components-and-hooks-must-be-idempotent).

E:\henu-website\henu-app\src\components\ui\three-d-hero.tsx:72:18
  70 |             position: [
  71 |                 (Math.random() - 0.5) * 20,
> 72 |                 (Math.random() - 0.5) * 20,
     |                  ^^^^^^^^^^^^^ Cannot call impure function
  73 |                 (Math.random() - 0.5) * 15,
  74 |             ] as [number, number, number],
  75 |             rotation: [Math.random() * Math.PI, Math.random() * Math.PI, Math.random() * Math.PI] as [number, number, number],                                                                                                                                       react-hooks/purity
  73:18  error  Error: Cannot call impure function during render

`Math.random` is an impure function. Calling an impure function can produce unstable results that update unpredictably when the component happens to re-render. (https://react.dev/reference/rules/components-and-hooks-must-be-pure#components-and-hooks-must-be-idempotent).

E:\henu-website\henu-app\src\components\ui\three-d-hero.tsx:73:18
  71 |                 (Math.random() - 0.5) * 20,
  72 |                 (Math.random() - 0.5) * 20,
> 73 |                 (Math.random() - 0.5) * 15,
     |                  ^^^^^^^^^^^^^ Cannot call impure function
  74 |             ] as [number, number, number],
  75 |             rotation: [Math.random() * Math.PI, Math.random() * Math.PI, Math.random() * Math.PI] as [number, number, number],
  76 |             scale: Math.random() * 0.2 + 0.05,                                                                                                                react-hooks/purity
  75:24  error  Error: Cannot call impure function during render

`Math.random` is an impure function. Calling an impure function can produce unstable results that update unpredictably when the component happens to re-render. (https://react.dev/reference/rules/components-and-hooks-must-be-pure#components-and-hooks-must-be-idempotent).

E:\henu-website\henu-app\src\components\ui\three-d-hero.tsx:75:24
  73 |                 (Math.random() - 0.5) * 15,
  74 |             ] as [number, number, number],
> 75 |             rotation: [Math.random() * Math.PI, Math.random() * Math.PI, Math.random() * Math.PI] as [number, number, number],
     |                        ^^^^^^^^^^^^^ Cannot call impure function
  76 |             scale: Math.random() * 0.2 + 0.05,
  77 |             color: ["#8b5cf6", "#3b82f6", "#06b6d4", "#ec4899"][Math.floor(Math.random() * 4)],
  78 |             speed: Math.random() * 0.5 + 0.5,                                                    react-hooks/purity
  75:49  error  Error: Cannot call impure function during render

`Math.random` is an impure function. Calling an impure function can produce unstable results that update unpredictably when the component happens to re-render. (https://react.dev/reference/rules/components-and-hooks-must-be-pure#components-and-hooks-must-be-idempotent).

E:\henu-website\henu-app\src\components\ui\three-d-hero.tsx:75:49
  73 |                 (Math.random() - 0.5) * 15,
  74 |             ] as [number, number, number],
> 75 |             rotation: [Math.random() * Math.PI, Math.random() * Math.PI, Math.random() * Math.PI] as [number, number, number],
     |                                                 ^^^^^^^^^^^^^ Cannot call impure function
  76 |             scale: Math.random() * 0.2 + 0.05,
  77 |             color: ["#8b5cf6", "#3b82f6", "#06b6d4", "#ec4899"][Math.floor(Math.random() * 4)],
  78 |             speed: Math.random() * 0.5 + 0.5,                           react-hooks/purity
  75:74  error  Error: Cannot call impure function during render

`Math.random` is an impure function. Calling an impure function can produce unstable results that update unpredictably when the component happens to re-render. (https://react.dev/reference/rules/components-and-hooks-must-be-pure#components-and-hooks-must-be-idempotent).

E:\henu-website\henu-app\src\components\ui\three-d-hero.tsx:75:74
  73 |                 (Math.random() - 0.5) * 15,
  74 |             ] as [number, number, number],
> 75 |             rotation: [Math.random() * Math.PI, Math.random() * Math.PI, Math.random() * Math.PI] as [number, number, number],
     |                                                                          ^^^^^^^^^^^^^ Cannot call impure function
  76 |             scale: Math.random() * 0.2 + 0.05,
  77 |             color: ["#8b5cf6", "#3b82f6", "#06b6d4", "#ec4899"][Math.floor(Math.random() * 4)],
  78 |             speed: Math.random() * 0.5 + 0.5,  react-hooks/purity
  76:20  error  Error: Cannot call impure function during render

`Math.random` is an impure function. Calling an impure function can produce unstable results that update unpredictably when the component happens to re-render. (https://react.dev/reference/rules/components-and-hooks-must-be-pure#components-and-hooks-must-be-idempotent).

E:\henu-website\henu-app\src\components\ui\three-d-hero.tsx:76:20
  74 |             ] as [number, number, number],
  75 |             rotation: [Math.random() * Math.PI, Math.random() * Math.PI, Math.random() * Math.PI] as [number, number, number],
> 76 |             scale: Math.random() * 0.2 + 0.05,
     |                    ^^^^^^^^^^^^^ Cannot call impure function
  77 |             color: ["#8b5cf6", "#3b82f6", "#06b6d4", "#ec4899"][Math.floor(Math.random() * 4)],
  78 |             speed: Math.random() * 0.5 + 0.5,
  79 |             type: Math.floor(Math.random() * 3)                                                    react-hooks/purity
  77:76  error  Error: Cannot call impure function during render

`Math.random` is an impure function. Calling an impure function can produce unstable results that update unpredictably when the component happens to re-render. (https://react.dev/reference/rules/components-and-hooks-must-be-pure#components-and-hooks-must-be-idempotent).

E:\henu-website\henu-app\src\components\ui\three-d-hero.tsx:77:76
  75 |             rotation: [Math.random() * Math.PI, Math.random() * Math.PI, Math.random() * Math.PI] as [number, number, number],
  76 |             scale: Math.random() * 0.2 + 0.05,
> 77 |             color: ["#8b5cf6", "#3b82f6", "#06b6d4", "#ec4899"][Math.floor(Math.random() * 4)],
     |                                                                            ^^^^^^^^^^^^^ Cannot call impure function
  78 |             speed: Math.random() * 0.5 + 0.5,
  79 |             type: Math.floor(Math.random() * 3)
  80 |         }))                           react-hooks/purity
  78:20  error  Error: Cannot call impure function during render

`Math.random` is an impure function. Calling an impure function can produce unstable results that update unpredictably when the component happens to re-render. (https://react.dev/reference/rules/components-and-hooks-must-be-pure#components-and-hooks-must-be-idempotent).

E:\henu-website\henu-app\src\components\ui\three-d-hero.tsx:78:20
  76 |             scale: Math.random() * 0.2 + 0.05,
  77 |             color: ["#8b5cf6", "#3b82f6", "#06b6d4", "#ec4899"][Math.floor(Math.random() * 4)],
> 78 |             speed: Math.random() * 0.5 + 0.5,
     |                    ^^^^^^^^^^^^^ Cannot call impure function
  79 |             type: Math.floor(Math.random() * 3)
  80 |         }))
  81 |     }, [])                                                                                                                                                                                                       react-hooks/purity
  79:30  error  Error: Cannot call impure function during render

`Math.random` is an impure function. Calling an impure function can produce unstable results that update unpredictably when the component happens to re-render. (https://react.dev/reference/rules/components-and-hooks-must-be-pure#components-and-hooks-must-be-idempotent).

E:\henu-website\henu-app\src\components\ui\three-d-hero.tsx:79:30
  77 |             color: ["#8b5cf6", "#3b82f6", "#06b6d4", "#ec4899"][Math.floor(Math.random() * 4)],
  78 |             speed: Math.random() * 0.5 + 0.5,
> 79 |             type: Math.floor(Math.random() * 3)
     |                              ^^^^^^^^^^^^^ Cannot call impure function
  80 |         }))
  81 |     }, [])
  82 |                                                                                                                                                                                                                                            react-hooks/purity
  92:67  error  Unexpected any. Specify a different type                                                                                                                                                                                                                                                                                                                                                                                                                                                                                                                                                                                                                                                                                                                                                                                                                                                                                                                                                    @typescript-eslint/no-explicit-any

E:\henu-website\henu-app\src\components\ui\web-gl-shader.tsx
  35:9  error  Error: Calling setState synchronously within an effect can trigger cascading renders

Effects are intended to synchronize state between React and external systems such as manually updating the DOM, state management libraries, or other platform APIs. In general, the body of an effect should do one or both of the following:
* Update external systems with the latest state from React.
* Subscribe for updates from some external system, calling setState in a callback function when external state changes.

Calling setState synchronously within an effect body causes cascading renders that can hurt performance, and is not recommended. (https://react.dev/learn/you-might-not-need-an-effect).

E:\henu-website\henu-app\src\components\ui\web-gl-shader.tsx:35:9
  33 |     useEffect(() => {
  34 |         const isAvailable = isWebGLAvailable()
> 35 |         setSupported(isAvailable)
     |         ^^^^^^^^^^^^ Avoid calling setState() directly within an effect
  36 |         if (!isAvailable || !canvasRef.current) return
  37 |
  38 |         const canvas = canvasRef.current  react-hooks/set-state-in-effect

E:\henu-website\henu-app\src\context\AuthContext.tsx
  113:52  error  Unexpected any. Specify a different type  @typescript-eslint/no-explicit-any
  113:84  error  Unexpected any. Specify a different type  @typescript-eslint/no-explicit-any

E:\henu-website\henu-app\src\hooks\use-scroll-animation.ts
  108:12  error  React Hook "useTransform" is called in function "createScrollValues" that is neither a React function component nor a custom React Hook function. React component names must start with an uppercase letter. React Hook names must start with the word "use"  react-hooks/rules-of-hooks

E:\henu-website\henu-app\src\lib\data-store.ts
   76:45  error  Unexpected any. Specify a different type  @typescript-eslint/no-explicit-any
  102:27  error  Unexpected any. Specify a different type  @typescript-eslint/no-explicit-any

E:\henu-website\henu-app\src\lib\razorpay.ts
  4:19  error  Unexpected any. Specify a different type  @typescript-eslint/no-explicit-any

E:\henu-website\henu-app\src\lib\searchData.ts
  378:45  error  Unexpected any. Specify a different type  @typescript-eslint/no-explicit-any

Γ£û 122 problems (122 errors, 0 warnings)

